------------------------------------------------------------
TimeQuest Timing Analyzer Summary
------------------------------------------------------------

Type  : Slow 1100mV 85C Model Setup 'regn:reg_G|Q[0]'
Slack : -12.250
TNS   : -163.841

Type  : Slow 1100mV 85C Model Setup 'Clock'
Slack : -7.767
TNS   : -1127.893

Type  : Slow 1100mV 85C Model Hold 'regn:reg_G|Q[0]'
Slack : -4.506
TNS   : -62.750

Type  : Slow 1100mV 85C Model Hold 'Clock'
Slack : -0.193
TNS   : -2.411

Type  : Slow 1100mV 85C Model Minimum Pulse Width 'regn:reg_G|Q[0]'
Slack : -2.270
TNS   : -270.407

Type  : Slow 1100mV 85C Model Minimum Pulse Width 'Clock'
Slack : -0.394
TNS   : -109.406

Type  : Slow 1100mV 0C Model Setup 'regn:reg_G|Q[0]'
Slack : -11.979
TNS   : -163.626

Type  : Slow 1100mV 0C Model Setup 'Clock'
Slack : -7.513
TNS   : -1071.828

Type  : Slow 1100mV 0C Model Hold 'regn:reg_G|Q[0]'
Slack : -4.448
TNS   : -61.696

Type  : Slow 1100mV 0C Model Hold 'Clock'
Slack : -0.370
TNS   : -6.543

Type  : Slow 1100mV 0C Model Minimum Pulse Width 'regn:reg_G|Q[0]'
Slack : -2.263
TNS   : -269.173

Type  : Slow 1100mV 0C Model Minimum Pulse Width 'Clock'
Slack : -0.394
TNS   : -117.062

Type  : Fast 1100mV 85C Model Setup 'regn:reg_G|Q[0]'
Slack : -7.159
TNS   : -92.301

Type  : Fast 1100mV 85C Model Setup 'Clock'
Slack : -4.719
TNS   : -671.634

Type  : Fast 1100mV 85C Model Hold 'regn:reg_G|Q[0]'
Slack : -2.733
TNS   : -38.705

Type  : Fast 1100mV 85C Model Hold 'Clock'
Slack : 0.039
TNS   : 0.000

Type  : Fast 1100mV 85C Model Minimum Pulse Width 'regn:reg_G|Q[0]'
Slack : -1.353
TNS   : -146.719

Type  : Fast 1100mV 85C Model Minimum Pulse Width 'Clock'
Slack : -0.087
TNS   : -16.396

Type  : Fast 1100mV 0C Model Setup 'regn:reg_G|Q[0]'
Slack : -6.456
TNS   : -84.509

Type  : Fast 1100mV 0C Model Setup 'Clock'
Slack : -4.027
TNS   : -564.078

Type  : Fast 1100mV 0C Model Hold 'regn:reg_G|Q[0]'
Slack : -2.420
TNS   : -34.136

Type  : Fast 1100mV 0C Model Hold 'Clock'
Slack : -0.136
TNS   : -1.693

Type  : Fast 1100mV 0C Model Minimum Pulse Width 'regn:reg_G|Q[0]'
Slack : -1.132
TNS   : -120.236

Type  : Fast 1100mV 0C Model Minimum Pulse Width 'Clock'
Slack : -0.084
TNS   : -16.134

------------------------------------------------------------
