------------------------------------------------------------
TimeQuest Timing Analyzer Summary
------------------------------------------------------------

Type  : Slow 1100mV 85C Model Setup 'KEY[0]'
Slack : -0.173
TNS   : -0.637

Type  : Slow 1100mV 85C Model Hold 'KEY[0]'
Slack : 0.261
TNS   : 0.000

Type  : Slow 1100mV 85C Model Minimum Pulse Width 'KEY[0]'
Slack : -0.394
TNS   : -2.790

Type  : Slow 1100mV 0C Model Setup 'KEY[0]'
Slack : -0.196
TNS   : -0.731

Type  : Slow 1100mV 0C Model Hold 'KEY[0]'
Slack : 0.244
TNS   : 0.000

Type  : Slow 1100mV 0C Model Minimum Pulse Width 'KEY[0]'
Slack : -0.394
TNS   : -2.606

Type  : Fast 1100mV 85C Model Setup 'KEY[0]'
Slack : 0.285
TNS   : 0.000

Type  : Fast 1100mV 85C Model Hold 'KEY[0]'
Slack : 0.148
TNS   : 0.000

Type  : Fast 1100mV 85C Model Minimum Pulse Width 'KEY[0]'
Slack : -0.342
TNS   : -1.559

Type  : Fast 1100mV 0C Model Setup 'KEY[0]'
Slack : 0.330
TNS   : 0.000

Type  : Fast 1100mV 0C Model Hold 'KEY[0]'
Slack : 0.134
TNS   : 0.000

Type  : Fast 1100mV 0C Model Minimum Pulse Width 'KEY[0]'
Slack : -0.321
TNS   : -1.456

------------------------------------------------------------
