------------------------------------------------------------
TimeQuest Timing Analyzer Summary
------------------------------------------------------------

Type  : Slow 1100mV 85C Model Setup 'CLOCK_50'
Slack : -2.433
TNS   : -70.744

Type  : Slow 1100mV 85C Model Hold 'CLOCK_50'
Slack : 0.311
TNS   : 0.000

Type  : Slow 1100mV 85C Model Minimum Pulse Width 'CLOCK_50'
Slack : -0.394
TNS   : -15.856

Type  : Slow 1100mV 0C Model Setup 'CLOCK_50'
Slack : -2.501
TNS   : -70.217

Type  : Slow 1100mV 0C Model Hold 'CLOCK_50'
Slack : 0.293
TNS   : 0.000

Type  : Slow 1100mV 0C Model Minimum Pulse Width 'CLOCK_50'
Slack : -0.394
TNS   : -16.769

Type  : Fast 1100mV 85C Model Setup 'CLOCK_50'
Slack : -0.993
TNS   : -27.470

Type  : Fast 1100mV 85C Model Hold 'CLOCK_50'
Slack : 0.180
TNS   : 0.000

Type  : Fast 1100mV 85C Model Minimum Pulse Width 'CLOCK_50'
Slack : -0.090
TNS   : -2.630

Type  : Fast 1100mV 0C Model Setup 'CLOCK_50'
Slack : -0.910
TNS   : -23.315

Type  : Fast 1100mV 0C Model Hold 'CLOCK_50'
Slack : 0.167
TNS   : 0.000

Type  : Fast 1100mV 0C Model Minimum Pulse Width 'CLOCK_50'
Slack : -0.089
TNS   : -2.614

------------------------------------------------------------
