------------------------------------------------------------
TimeQuest Timing Analyzer Summary
------------------------------------------------------------

Type  : Slow 1100mV 85C Model Setup 'KEY[0]'
Slack : -0.402
TNS   : -1.925

Type  : Slow 1100mV 85C Model Hold 'KEY[0]'
Slack : 0.218
TNS   : 0.000

Type  : Slow 1100mV 85C Model Minimum Pulse Width 'KEY[0]'
Slack : -0.394
TNS   : -2.815

Type  : Slow 1100mV 0C Model Setup 'KEY[0]'
Slack : -0.397
TNS   : -1.893

Type  : Slow 1100mV 0C Model Hold 'KEY[0]'
Slack : 0.280
TNS   : 0.000

Type  : Slow 1100mV 0C Model Minimum Pulse Width 'KEY[0]'
Slack : -0.394
TNS   : -2.780

Type  : Fast 1100mV 85C Model Setup 'KEY[0]'
Slack : 0.214
TNS   : 0.000

Type  : Fast 1100mV 85C Model Hold 'KEY[0]'
Slack : 0.139
TNS   : 0.000

Type  : Fast 1100mV 85C Model Minimum Pulse Width 'KEY[0]'
Slack : -0.316
TNS   : -1.777

Type  : Fast 1100mV 0C Model Setup 'KEY[0]'
Slack : 0.278
TNS   : 0.000

Type  : Fast 1100mV 0C Model Hold 'KEY[0]'
Slack : 0.145
TNS   : 0.000

Type  : Fast 1100mV 0C Model Minimum Pulse Width 'KEY[0]'
Slack : -0.309
TNS   : -1.723

------------------------------------------------------------
