------------------------------------------------------------
TimeQuest Timing Analyzer Summary
------------------------------------------------------------

Type  : Slow 1100mV 85C Model Setup 'KEY[0]'
Slack : -0.656
TNS   : -1.842

Type  : Slow 1100mV 85C Model Hold 'KEY[0]'
Slack : 0.375
TNS   : 0.000

Type  : Slow 1100mV 85C Model Minimum Pulse Width 'KEY[0]'
Slack : -0.394
TNS   : -2.818

Type  : Slow 1100mV 0C Model Setup 'KEY[0]'
Slack : -0.679
TNS   : -1.947

Type  : Slow 1100mV 0C Model Hold 'KEY[0]'
Slack : 0.392
TNS   : 0.000

Type  : Slow 1100mV 0C Model Minimum Pulse Width 'KEY[0]'
Slack : -0.394
TNS   : -2.578

Type  : Fast 1100mV 85C Model Setup 'KEY[0]'
Slack : 0.041
TNS   : 0.000

Type  : Fast 1100mV 85C Model Hold 'KEY[0]'
Slack : 0.181
TNS   : 0.000

Type  : Fast 1100mV 85C Model Minimum Pulse Width 'KEY[0]'
Slack : -0.342
TNS   : -1.559

Type  : Fast 1100mV 0C Model Setup 'KEY[0]'
Slack : 0.090
TNS   : 0.000

Type  : Fast 1100mV 0C Model Hold 'KEY[0]'
Slack : 0.174
TNS   : 0.000

Type  : Fast 1100mV 0C Model Minimum Pulse Width 'KEY[0]'
Slack : -0.323
TNS   : -1.464

------------------------------------------------------------
